"pos": {"x": 0.42126, "y": 0.51034}

"current keymap mode: normal"

mouse move stop concurrent: no touching

"current keymap mode: custom"

lock mouse 31 1345 1385 3377 QSize(2032, 1354)

switchGameMap lastPos: QPointF(986,658)

out of boundary pos: QPoint(1544,707) showSize: QSize(2032, 1354)

first out of center pos: QPoint(1099,684)

out of boundary pos: QPoint(1544,714) showSize: QSize(2032, 1354)

first out of center pos: QPoint(1037,678)

out of boundary pos: QPoint(1544,695) showSize: QSize(2032, 1354)

first out of center pos: QPoint(1042,677)

out of boundary pos: QPoint(1531,682) showSize: QSize(2032, 1354)

first out of center pos: QPoint(1044,677)

out of boundary pos: QPoint(1534,679) showSize: QSize(2032, 1354)

out of boundary pos: QPoint(1557,679) showSize: QSize(2032, 1354)

first out of center pos: QPoint(1039,677)

out of boundary pos: QPoint(1532,684) showSize: QSize(2032, 1354)

first out of center pos: QPoint(1034,677)

out of boundary pos: QPoint(498,747) showSize: QSize(2032, 1354)

out of boundary pos: QPoint(481,750) showSize: QSize(2032, 1354)

first out of center pos: QPoint(981,684)

out of boundary pos: QPoint(507,751) showSize: QSize(2032, 1354)

first out of center pos: QPoint(971,681)

out of boundary pos: QPoint(504,709) showSize: QSize(2032, 1354)

first out of center pos: QPoint(967,679)

out of boundary pos: QPoint(488,677) showSize: QSize(2032, 1354)

first out of center pos: QPoint(992,676)

out of boundary pos: QPoint(487,643) showSize: QSize(2032, 1354)

first out of center pos: QPoint(976,674)

out of boundary pos: QPoint(502,618) showSize: QSize(2032, 1354)

first out of center pos: QPoint(1006,675)

out of boundary pos: QPoint(1528,609) showSize: QSize(2032, 1354)

first out of center pos: QPoint(1054,674)

out of boundary pos: QPoint(1545,620) showSize: QSize(2032, 1354)

out of boundary pos: QPoint(1566,618) showSize: QSize(2032, 1354)

out of boundary pos: QPoint(1587,615) showSize: QSize(2032, 1354)

first out of center pos: QPoint(1123,665)

out of boundary pos: QPoint(1534,628) showSize: QSize(2032, 1354)

first out of center pos: QPoint(1059,675)

out of boundary pos: QPoint(1538,656) showSize: QSize(2032, 1354)

out of boundary pos: QPoint(1555,656) showSize: QSize(2032, 1354)

first out of center pos: QPoint(1050,676)

out of boundary pos: QPoint(1525,656) showSize: QSize(2032, 1354)

first out of center pos: QPoint(1019,677)

out of boundary pos: QPoint(507,766) showSize: QSize(2032, 1354)

first out of center pos: QPoint(986,673)

out of boundary pos: QPoint(499,609) showSize: QSize(2032, 1354)

first out of center pos: QPoint(977,673)

out of boundary pos: QPoint(488,629) showSize: QSize(2032, 1354)

first out of center pos: QPoint(970,673)

out of boundary pos: QPoint(504,624) showSize: QSize(2032, 1354)

first out of center pos: QPoint(988,673)

out of boundary pos: QPoint(1539,791) showSize: QSize(2032, 1354)

first out of center pos: QPoint(1065,685)

out of boundary pos: QPoint(1529,739) showSize: QSize(2032, 1354)

first out of center pos: QPoint(1068,681)

out of boundary pos: QPoint(1546,712) showSize: QSize(2032, 1354)

first out of center pos: QPoint(1040,678)

out of boundary pos: QPoint(1530,720) showSize: QSize(2032, 1354)

first out of center pos: QPoint(1031,679)

out of boundary pos: QPoint(503,785) showSize: QSize(2032, 1354)

first out of center pos: QPoint(991,677)

out of boundary pos: QPoint(498,650) showSize: QSize(2032, 1354)

first out of center pos: QPoint(989,675)

out of boundary pos: QPoint(507,636) showSize: QSize(2032, 1354)

out of boundary pos: QPoint(480,634) showSize: QSize(2032, 1354)

out of boundary pos: QPoint(454,632) showSize: QSize(2032, 1354)

first out of center pos: QPoint(937,670)

out of boundary pos: QPoint(499,629) showSize: QSize(2032, 1354)

first out of center pos: QPoint(993,675)

out of boundary pos: QPoint(506,626) showSize: QSize(2032, 1354)

first out of center pos: QPoint(994,675)

out of boundary pos: QPoint(1530,718) showSize: QSize(2032, 1354)

first out of center pos: QPoint(1036,677)

out of boundary pos: QPoint(1547,698) showSize: QSize(2032, 1354)

first out of center pos: QPoint(1066,678)

out of boundary pos: QPoint(1547,683) showSize: QSize(2032, 1354)

first out of center pos: QPoint(1040,677)

out of boundary pos: QPoint(1539,682) showSize: QSize(2032, 1354)

first out of center pos: QPoint(1057,678)

out of boundary pos: QPoint(1531,683) showSize: QSize(2032, 1354)

first out of center pos: QPoint(1040,677)

out of boundary pos: QPoint(504,714) showSize: QSize(2032, 1354)

first out of center pos: QPoint(967,676)

out of boundary pos: QPoint(493,640) showSize: QSize(2032, 1354)

first out of center pos: QPoint(992,674)

out of boundary pos: QPoint(504,616) showSize: QSize(2032, 1354)

first out of center pos: QPoint(973,672)

out of boundary pos: QPoint(498,610) showSize: QSize(2032, 1354)

first out of center pos: QPoint(993,674)

out of boundary pos: QPoint(1544,719) showSize: QSize(2032, 1354)

first out of center pos: QPoint(1059,680)

out of boundary pos: QPoint(1543,707) showSize: QSize(2032, 1354)

first out of center pos: QPoint(1088,680)

out of boundary pos: QPoint(1525,695) showSize: QSize(2032, 1354)

first out of center pos: QPoint(1037,677)

out of boundary pos: QPoint(1528,701) showSize: QSize(2032, 1354)

first out of center pos: QPoint(1037,678)

out of boundary pos: QPoint(498,767) showSize: QSize(2032, 1354)

first out of center pos: QPoint(969,677)

out of boundary pos: QPoint(507,650) showSize: QSize(2032, 1354)

first out of center pos: QPoint(919,668)

out of boundary pos: QPoint(496,633) showSize: QSize(2032, 1354)

first out of center pos: QPoint(971,673)

out of boundary pos: QPoint(505,635) showSize: QSize(2032, 1354)

first out of center pos: QPoint(966,673)

out of boundary pos: QPoint(1530,703) showSize: QSize(2032, 1354)

first out of center pos: QPoint(1051,678)

out of boundary pos: QPoint(1529,669) showSize: QSize(2032, 1354)

first out of center pos: QPoint(1053,676)

out of boundary pos: QPoint(1528,664) showSize: QSize(2032, 1354)

out of boundary pos: QPoint(1541,664) showSize: QSize(2032, 1354)

first out of center pos: QPoint(1043,677)

out of boundary pos: QPoint(1525,687) showSize: QSize(2032, 1354)

first out of center pos: QPoint(1023,677)

out of boundary pos: QPoint(504,727) showSize: QSize(2032, 1354)

first out of center pos: QPoint(994,678)

out of boundary pos: QPoint(499,664) showSize: QSize(2032, 1354)

first out of center pos: QPoint(994,676)

out of boundary pos: QPoint(501,642) showSize: QSize(2032, 1354)

first out of center pos: QPoint(976,674)

out of boundary pos: QPoint(505,633) showSize: QSize(2032, 1354)

first out of center pos: QPoint(1002,676)

out of boundary pos: QPoint(1544,680) showSize: QSize(2032, 1354)

first out of center pos: QPoint(1056,680)

out of boundary pos: QPoint(1539,710) showSize: QSize(2032, 1354)

out of boundary pos: QPoint(1560,712) showSize: QSize(2032, 1354)

first out of center pos: QPoint(1037,678)

out of boundary pos: QPoint(1538,690) showSize: QSize(2032, 1354)

first out of center pos: QPoint(1033,677)

out of boundary pos: QPoint(1527,672) showSize: QSize(2032, 1354)

first out of center pos: QPoint(1024,677)

out of boundary pos: QPoint(497,719) showSize: QSize(2032, 1354)

first out of center pos: QPoint(973,677)

out of boundary pos: QPoint(502,666) showSize: QSize(2032, 1354)

first out of center pos: QPoint(991,676)

out of boundary pos: QPoint(506,652) showSize: QSize(2032, 1354)

out of boundary pos: QPoint(483,650) showSize: QSize(2032, 1354)

out of boundary pos: QPoint(460,649) showSize: QSize(2032, 1354)

out of boundary pos: QPoint(437,648) showSize: QSize(2032, 1354)

first out of center pos: QPoint(993,675)

out of boundary pos: QPoint(497,647) showSize: QSize(2032, 1354)

first out of center pos: QPoint(999,675)

out of boundary pos: QPoint(1533,688) showSize: QSize(2032, 1354)

first out of center pos: QPoint(1069,679)

out of boundary pos: QPoint(1532,696) showSize: QSize(2032, 1354)

first out of center pos: QPoint(1054,678)

out of boundary pos: QPoint(1525,689) showSize: QSize(2032, 1354)

first out of center pos: QPoint(1032,677)

out of boundary pos: QPoint(1528,689) showSize: QSize(2032, 1354)

first out of center pos: QPoint(1031,677)

out of boundary pos: QPoint(495,700) showSize: QSize(2032, 1354)

first out of center pos: QPoint(974,676)

out of boundary pos: QPoint(503,650) showSize: QSize(2032, 1354)

first out of center pos: QPoint(970,675)

out of boundary pos: QPoint(495,647) showSize: QSize(2032, 1354)

out of boundary pos: QPoint(476,646) showSize: QSize(2032, 1354)

first out of center pos: QPoint(977,675)

out of boundary pos: QPoint(505,639) showSize: QSize(2032, 1354)

first out of center pos: QPoint(1000,675)

out of boundary pos: QPoint(1535,708) showSize: QSize(2032, 1354)

out of boundary pos: QPoint(1547,709) showSize: QSize(2032, 1354)

first out of center pos: QPoint(1067,679)

out of boundary pos: QPoint(1529,693) showSize: QSize(2032, 1354)

first out of center pos: QPoint(1044,678)

out of boundary pos: QPoint(1525,680) showSize: QSize(2032, 1354)

first out of center pos: QPoint(1037,677)

out of boundary pos: QPoint(1525,681) showSize: QSize(2032, 1354)

first out of center pos: QPoint(1018,676)

out of boundary pos: QPoint(504,685) showSize: QSize(2032, 1354)

first out of center pos: QPoint(956,673)

out of boundary pos: QPoint(505,634) showSize: QSize(2032, 1354)

first out of center pos: QPoint(971,673)

out of boundary pos: QPoint(500,640) showSize: QSize(2032, 1354)

first out of center pos: QPoint(968,674)

out of boundary pos: QPoint(496,638) showSize: QSize(2032, 1354)

first out of center pos: QPoint(997,675)

out of boundary pos: QPoint(1532,696) showSize: QSize(2032, 1354)

first out of center pos: QPoint(1050,679)

out of boundary pos: QPoint(1542,704) showSize: QSize(2032, 1354)

first out of center pos: QPoint(1035,678)

out of boundary pos: QPoint(1539,698) showSize: QSize(2032, 1354)

first out of center pos: QPoint(1033,678)

out of boundary pos: QPoint(1526,689) showSize: QSize(2032, 1354)

first out of center pos: QPoint(1026,678)

out of boundary pos: QPoint(501,707) showSize: QSize(2032, 1354)

first out of center pos: QPoint(995,676)

out of boundary pos: QPoint(498,629) showSize: QSize(2032, 1354)

out of boundary pos: QPoint(475,627) showSize: QSize(2032, 1354)

first out of center pos: QPoint(970,671)

out of boundary pos: QPoint(497,616) showSize: QSize(2032, 1354)

out of boundary pos: QPoint(454,611) showSize: QSize(2032, 1354)

out of boundary pos: QPoint(432,609) showSize: QSize(2032, 1354)

out of boundary pos: QPoint(411,606) showSize: QSize(2032, 1354)

out of boundary pos: QPoint(390,604) showSize: QSize(2032, 1354)

out of boundary pos: QPoint(348,599) showSize: QSize(2032, 1354)

out of boundary pos: QPoint(328,597) showSize: QSize(2032, 1354)

out of boundary pos: QPoint(267,590) showSize: QSize(2032, 1354)

out of boundary pos: QPoint(248,588) showSize: QSize(2032, 1354)

out of boundary pos: QPoint(228,585) showSize: QSize(2032, 1354)

out of boundary pos: QPoint(209,583) showSize: QSize(2032, 1354)

first out of center pos: QPoint(929,665)

mouse move distance_raw: QPointF(-241,-44)

out of boundary pos: QPoint(1530,677) showSize: QSize(2032, 1354)

first out of center pos: QPoint(1029,678)

out of boundary pos: QPoint(1525,706) showSize: QSize(2032, 1354)

first out of center pos: QPoint(1038,678)

out of boundary pos: QPoint(1529,711) showSize: QSize(2032, 1354)

first out of center pos: QPoint(1027,677)

out of boundary pos: QPoint(1525,673) showSize: QSize(2032, 1354)

first out of center pos: QPoint(1018,677)

out of boundary pos: QPoint(497,718) showSize: QSize(2032, 1354)

first out of center pos: QPoint(983,675)

out of boundary pos: QPoint(504,639) showSize: QSize(2032, 1354)

first out of center pos: QPoint(976,674)

out of boundary pos: QPoint(499,636) showSize: QSize(2032, 1354)

first out of center pos: QPoint(976,674)

out of boundary pos: QPoint(493,630) showSize: QSize(2032, 1354)

first out of center pos: QPoint(973,672)

out of boundary pos: QPoint(1532,657) showSize: QSize(2032, 1354)

first out of center pos: QPoint(1041,677)

out of boundary pos: QPoint(1529,692) showSize: QSize(2032, 1354)

first out of center pos: QPoint(1041,679)

out of boundary pos: QPoint(1531,699) showSize: QSize(2032, 1354)

first out of center pos: QPoint(1032,678)

out of boundary pos: QPoint(1525,695) showSize: QSize(2032, 1354)

first out of center pos: QPoint(1016,677)

out of boundary pos: QPoint(507,700) showSize: QSize(2032, 1354)

first out of center pos: QPoint(990,677)

out of boundary pos: QPoint(488,661) showSize: QSize(2032, 1354)

first out of center pos: QPoint(983,676)

out of boundary pos: QPoint(497,658) showSize: QSize(2032, 1354)

first out of center pos: QPoint(984,676)

out of boundary pos: QPoint(503,656) showSize: QSize(2032, 1354)

first out of center pos: QPoint(1006,676)

out of boundary pos: QPoint(1535,687) showSize: QSize(2032, 1354)

first out of center pos: QPoint(1029,677)

out of boundary pos: QPoint(1537,679) showSize: QSize(2032, 1354)

first out of center pos: QPoint(1030,677)

out of boundary pos: QPoint(1532,677) showSize: QSize(2032, 1354)

first out of center pos: QPoint(1026,677)

out of boundary pos: QPoint(1527,687) showSize: QSize(2032, 1354)

first out of center pos: QPoint(1020,676)

out of boundary pos: QPoint(502,709) showSize: QSize(2032, 1354)

first out of center pos: QPoint(996,676)

out of boundary pos: QPoint(505,652) showSize: QSize(2032, 1354)

first out of center pos: QPoint(990,675)

out of boundary pos: QPoint(489,637) showSize: QSize(2032, 1354)

first out of center pos: QPoint(958,672)

out of boundary pos: QPoint(490,625) showSize: QSize(2032, 1354)

first out of center pos: QPoint(987,674)

out of boundary pos: QPoint(501,628) showSize: QSize(2032, 1354)

first out of center pos: QPoint(967,673)

out of boundary pos: QPoint(496,636) showSize: QSize(2032, 1354)

first out of center pos: QPoint(1004,676)

out of boundary pos: QPoint(1534,758) showSize: QSize(2032, 1354)

first out of center pos: QPoint(1052,679)

out of boundary pos: QPoint(1543,704) showSize: QSize(2032, 1354)

first out of center pos: QPoint(1071,678)

out of boundary pos: QPoint(1525,684) showSize: QSize(2032, 1354)

out of boundary pos: QPoint(1567,685) showSize: QSize(2032, 1354)

out of boundary pos: QPoint(1630,685) showSize: QSize(2032, 1354)

out of boundary pos: QPoint(1672,685) showSize: QSize(2032, 1354)

out of boundary pos: QPoint(1756,685) showSize: QSize(2032, 1354)

out of boundary pos: QPoint(1777,686) showSize: QSize(2032, 1354)

out of boundary pos: QPoint(1819,686) showSize: QSize(2032, 1354)

out of boundary pos: QPoint(1840,686) showSize: QSize(2032, 1354)

out of boundary pos: QPoint(1966,686) showSize: QSize(2032, 1354)

out of boundary pos: QPoint(2031,686) showSize: QSize(2032, 1354)

out of boundary pos: QPoint(2031,688) showSize: QSize(2032, 1354)

out of boundary pos: QPoint(2031,689) showSize: QSize(2032, 1354)

out of boundary pos: QPoint(2031,691) showSize: QSize(2032, 1354)

out of boundary pos: QPoint(2031,692) showSize: QSize(2032, 1354)

out of boundary pos: QPoint(2031,693) showSize: QSize(2032, 1354)

out of boundary pos: QPoint(2031,694) showSize: QSize(2032, 1354)

out of boundary pos: QPoint(2031,695) showSize: QSize(2032, 1354)

out of boundary pos: QPoint(2031,698) showSize: QSize(2032, 1354)

out of boundary pos: QPoint(2031,699) showSize: QSize(2032, 1354)

out of boundary pos: QPoint(2031,700) showSize: QSize(2032, 1354)

out of boundary pos: QPoint(2031,704) showSize: QSize(2032, 1354)

out of boundary pos: QPoint(2031,709) showSize: QSize(2032, 1354)

out of boundary pos: QPoint(2031,710) showSize: QSize(2032, 1354)

out of boundary pos: QPoint(2031,714) showSize: QSize(2032, 1354)

out of boundary pos: QPoint(2031,718) showSize: QSize(2032, 1354)

out of boundary pos: QPoint(2031,722) showSize: QSize(2032, 1354)

out of boundary pos: QPoint(2031,725) showSize: QSize(2032, 1354)

out of boundary pos: QPoint(2031,726) showSize: QSize(2032, 1354)

out of boundary pos: QPoint(2031,728) showSize: QSize(2032, 1354)

out of boundary pos: QPoint(2031,729) showSize: QSize(2032, 1354)

out of boundary pos: QPoint(2031,731) showSize: QSize(2032, 1354)

out of boundary pos: QPoint(2031,735) showSize: QSize(2032, 1354)

out of boundary pos: QPoint(2031,736) showSize: QSize(2032, 1354)

out of boundary pos: QPoint(2031,737) showSize: QSize(2032, 1354)

out of boundary pos: QPoint(2031,738) showSize: QSize(2032, 1354)

out of boundary pos: QPoint(2031,739) showSize: QSize(2032, 1354)

out of boundary pos: QPoint(2030,739) showSize: QSize(2032, 1354)

out of boundary pos: QPoint(2029,739) showSize: QSize(2032, 1354)

out of boundary pos: QPoint(2028,739) showSize: QSize(2032, 1354)

out of boundary pos: QPoint(2027,739) showSize: QSize(2032, 1354)

out of boundary pos: QPoint(2026,739) showSize: QSize(2032, 1354)

out of boundary pos: QPoint(2025,739) showSize: QSize(2032, 1354)

out of boundary pos: QPoint(2024,739) showSize: QSize(2032, 1354)

out of boundary pos: QPoint(2023,739) showSize: QSize(2032, 1354)

out of boundary pos: QPoint(2022,738) showSize: QSize(2032, 1354)

out of boundary pos: QPoint(2021,738) showSize: QSize(2032, 1354)

out of boundary pos: QPoint(2020,738) showSize: QSize(2032, 1354)

out of boundary pos: QPoint(2019,737) showSize: QSize(2032, 1354)

out of boundary pos: QPoint(2018,737) showSize: QSize(2032, 1354)

out of boundary pos: QPoint(2016,737) showSize: QSize(2032, 1354)

out of boundary pos: QPoint(2015,737) showSize: QSize(2032, 1354)

out of boundary pos: QPoint(2013,737) showSize: QSize(2032, 1354)

out of boundary pos: QPoint(2010,736) showSize: QSize(2032, 1354)

out of boundary pos: QPoint(2007,736) showSize: QSize(2032, 1354)

out of boundary pos: QPoint(2005,736) showSize: QSize(2032, 1354)

out of boundary pos: QPoint(2001,735) showSize: QSize(2032, 1354)

out of boundary pos: QPoint(1998,735) showSize: QSize(2032, 1354)

out of boundary pos: QPoint(1997,735) showSize: QSize(2032, 1354)

out of boundary pos: QPoint(1994,734) showSize: QSize(2032, 1354)

out of boundary pos: QPoint(1993,734) showSize: QSize(2032, 1354)

out of boundary pos: QPoint(1990,734) showSize: QSize(2032, 1354)

out of boundary pos: QPoint(1989,734) showSize: QSize(2032, 1354)

out of boundary pos: QPoint(1984,734) showSize: QSize(2032, 1354)

out of boundary pos: QPoint(1979,734) showSize: QSize(2032, 1354)

out of boundary pos: QPoint(1978,734) showSize: QSize(2032, 1354)

out of boundary pos: QPoint(1972,734) showSize: QSize(2032, 1354)

out of boundary pos: QPoint(1970,734) showSize: QSize(2032, 1354)

out of boundary pos: QPoint(1963,734) showSize: QSize(2032, 1354)

out of boundary pos: QPoint(1939,735) showSize: QSize(2032, 1354)

out of boundary pos: QPoint(1926,735) showSize: QSize(2032, 1354)

out of boundary pos: QPoint(1907,737) showSize: QSize(2032, 1354)

out of boundary pos: QPoint(1901,737) showSize: QSize(2032, 1354)

out of boundary pos: QPoint(1896,738) showSize: QSize(2032, 1354)

out of boundary pos: QPoint(1889,738) showSize: QSize(2032, 1354)

out of boundary pos: QPoint(1883,739) showSize: QSize(2032, 1354)

out of boundary pos: QPoint(1828,744) showSize: QSize(2032, 1354)

out of boundary pos: QPoint(1819,745) showSize: QSize(2032, 1354)

out of boundary pos: QPoint(1769,751) showSize: QSize(2032, 1354)

out of boundary pos: QPoint(1698,759) showSize: QSize(2032, 1354)

out of boundary pos: QPoint(1672,763) showSize: QSize(2032, 1354)

out of boundary pos: QPoint(1617,771) showSize: QSize(2032, 1354)

out of boundary pos: QPoint(1602,773) showSize: QSize(2032, 1354)

out of boundary pos: QPoint(1557,779) showSize: QSize(2032, 1354)

first out of center pos: QPoint(1461,792)

mouse move distance_raw: QPointF(445,115)

out of boundary pos: QPoint(498,783) showSize: QSize(2032, 1354)

first out of center pos: QPoint(997,674)

out of boundary pos: QPoint(497,592) showSize: QSize(2032, 1354)

first out of center pos: QPoint(1004,676)

out of boundary pos: QPoint(1542,617) showSize: QSize(2032, 1354)

first out of center pos: QPoint(1038,676)

out of boundary pos: QPoint(1526,667) showSize: QSize(2032, 1354)

first out of center pos: QPoint(1065,677)

out of boundary pos: QPoint(1536,677) showSize: QSize(2032, 1354)

first out of center pos: QPoint(1041,678)

out of boundary pos: QPoint(1533,687) showSize: QSize(2032, 1354)

first out of center pos: QPoint(1037,677)

out of boundary pos: QPoint(1532,684) showSize: QSize(2032, 1354)

first out of center pos: QPoint(1071,678)

out of boundary pos: QPoint(489,694) showSize: QSize(2032, 1354)

first out of center pos: QPoint(975,674)

out of boundary pos: QPoint(495,617) showSize: QSize(2032, 1354)

first out of center pos: QPoint(997,675)

out of boundary pos: QPoint(502,623) showSize: QSize(2032, 1354)

first out of center pos: QPoint(983,674)

out of boundary pos: QPoint(502,630) showSize: QSize(2032, 1354)

out of boundary pos: QPoint(495,629) showSize: QSize(2032, 1354)

first out of center pos: QPoint(1009,677)

out of boundary pos: QPoint(1536,698) showSize: QSize(2032, 1354)

first out of center pos: QPoint(1052,677)

out of boundary pos: QPoint(1531,678) showSize: QSize(2032, 1354)

first out of center pos: QPoint(1055,678)

out of boundary pos: QPoint(1533,698) showSize: QSize(2032, 1354)

first out of center pos: QPoint(1051,679)

out of boundary pos: QPoint(1527,727) showSize: QSize(2032, 1354)

first out of center pos: QPoint(1038,680)

out of boundary pos: QPoint(502,739) showSize: QSize(2032, 1354)

first out of center pos: QPoint(980,676)

out of boundary pos: QPoint(494,648) showSize: QSize(2032, 1354)

first out of center pos: QPoint(958,673)

out of boundary pos: QPoint(495,642) showSize: QSize(2032, 1354)

first out of center pos: QPoint(959,674)

out of boundary pos: QPoint(505,649) showSize: QSize(2032, 1354)

first out of center pos: QPoint(1001,676)

out of boundary pos: QPoint(503,647) showSize: QSize(2032, 1354)

first out of center pos: QPoint(1010,677)

out of boundary pos: QPoint(1532,703) showSize: QSize(2032, 1354)

first out of center pos: QPoint(1044,677)

out of boundary pos: QPoint(1529,676) showSize: QSize(2032, 1354)

first out of center pos: QPoint(1047,677)

out of boundary pos: QPoint(1537,676) showSize: QSize(2032, 1354)

first out of center pos: QPoint(1028,678)

out of boundary pos: QPoint(493,749) showSize: QSize(2032, 1354)

first out of center pos: QPoint(986,675)

out of boundary pos: QPoint(507,642) showSize: QSize(2032, 1354)

first out of center pos: QPoint(981,676)

out of boundary pos: QPoint(1537,719) showSize: QSize(2032, 1354)

first out of center pos: QPoint(1032,677)

out of boundary pos: QPoint(1535,697) showSize: QSize(2032, 1354)

first out of center pos: QPoint(1033,678)

out of boundary pos: QPoint(1533,697) showSize: QSize(2032, 1354)

first out of center pos: QPoint(1029,677)

out of boundary pos: QPoint(496,716) showSize: QSize(2032, 1354)

first out of center pos: QPoint(985,675)

out of boundary pos: QPoint(495,639) showSize: QSize(2032, 1354)

first out of center pos: QPoint(987,675)

out of boundary pos: QPoint(506,651) showSize: QSize(2032, 1354)

first out of center pos: QPoint(986,676)

out of boundary pos: QPoint(1531,698) showSize: QSize(2032, 1354)

first out of center pos: QPoint(1045,677)

out of boundary pos: QPoint(1529,684) showSize: QSize(2032, 1354)

first out of center pos: QPoint(1048,678)

out of boundary pos: QPoint(1529,698) showSize: QSize(2032, 1354)

first out of center pos: QPoint(1041,678)

out of boundary pos: QPoint(1525,709) showSize: QSize(2032, 1354)

first out of center pos: QPoint(1019,677)

out of boundary pos: QPoint(499,716) showSize: QSize(2032, 1354)

first out of center pos: QPoint(987,677)

out of boundary pos: QPoint(506,652) showSize: QSize(2032, 1354)

first out of center pos: QPoint(980,673)

out of boundary pos: QPoint(505,627) showSize: QSize(2032, 1354)

first out of center pos: QPoint(982,674)

out of boundary pos: QPoint(501,638) showSize: QSize(2032, 1354)

first out of center pos: QPoint(991,676)

out of boundary pos: QPoint(1538,648) showSize: QSize(2032, 1354)

first out of center pos: QPoint(1081,675)

out of boundary pos: QPoint(1537,668) showSize: QSize(2032, 1354)

first out of center pos: QPoint(1047,678)

out of boundary pos: QPoint(1529,698) showSize: QSize(2032, 1354)

first out of center pos: QPoint(1038,677)
